----------------------------------------
Exception occurred during processing of request from ('127.0.0.1', 56616)
Traceback (most recent call last):
  File "C:\Users\digihail\AppData\Local\Programs\Python\Python310\lib\socketserver.py", line 683, in process_request_thread
    self.finish_request(request, client_address)
  File "C:\Users\digihail\AppData\Local\Programs\Python\Python310\lib\socketserver.py", line 360, in finish_request
    self.RequestHandlerClass(request, client_address, self)
  File "C:\Users\digihail\AppData\Local\Programs\Python\Python310\lib\socketserver.py", line 747, in __init__
    self.handle()
  File "C:\Users\digihail\AppData\Local\Programs\Python\Python310\lib\http\server.py", line 425, in handle
    self.handle_one_request()
  File "C:\Users\digihail\AppData\Local\Programs\Python\Python310\lib\http\server.py", line 413, in handle_one_request
    method()
  File "F:\DownloadGBA\scripts\status_server.py", line 1431, in do_GET
    self._send(200, body, "application/json; charset=utf-8")
  File "F:\DownloadGBA\scripts\status_server.py", line 1394, in _send
    self.wfile.write(body)
  File "C:\Users\digihail\AppData\Local\Programs\Python\Python310\lib\socketserver.py", line 826, in write
    self._sock.sendall(b)
ConnectionAbortedError: [WinError 10053] 你的主机中的软件中止了一个已建立的连接。
----------------------------------------
----------------------------------------
Exception occurred during processing of request from ('127.0.0.1', 63462)
Traceback (most recent call last):
  File "C:\Users\digihail\AppData\Local\Programs\Python\Python310\lib\socketserver.py", line 683, in process_request_thread
    self.finish_request(request, client_address)
  File "C:\Users\digihail\AppData\Local\Programs\Python\Python310\lib\socketserver.py", line 360, in finish_request
    self.RequestHandlerClass(request, client_address, self)
----------------------------------------  File "C:\Users\digihail\AppData\Local\Programs\Python\Python310\lib\socketserver.py", line 747, in __init__
    self.handle()
  File "C:\Users\digihail\AppData\Local\Programs\Python\Python310\lib\http\server.py", line 425, in handle
    self.handle_one_request()

Exception occurred during processing of request from  File "C:\Users\digihail\AppData\Local\Programs\Python\Python310\lib\http\server.py", line 413, in handle_one_request
    method()
 ('127.0.0.1', 60937)  File "F:\DownloadGBA\scripts\status_server.py", line 1439, in do_GET
    self._send(200, body, "application/json; charset=utf-8")

  File "F:\DownloadGBA\scripts\status_server.py", line 1394, in _send
    self.wfile.write(body)
Traceback (most recent call last):
  File "C:\Users\digihail\AppData\Local\Programs\Python\Python310\lib\socketserver.py", line 683, in process_request_thread
    self.finish_request(request, client_address)
  File "C:\Users\digihail\AppData\Local\Programs\Python\Python310\lib\socketserver.py", line 826, in write
    self._sock.sendall(b)
ConnectionAbortedError: [WinError 10053] 你的主机中的软件中止了一个已建立的连接。
  File "C:\Users\digihail\AppData\Local\Programs\Python\Python310\lib\socketserver.py", line 360, in finish_request
    self.RequestHandlerClass(request, client_address, self)
  File "C:\Users\digihail\AppData\Local\Programs\Python\Python310\lib\socketserver.py", line 747, in __init__
    self.handle()
----------------------------------------  File "C:\Users\digihail\AppData\Local\Programs\Python\Python310\lib\http\server.py", line 425, in handle
    self.handle_one_request()

  File "C:\Users\digihail\AppData\Local\Programs\Python\Python310\lib\http\server.py", line 413, in handle_one_request
    method()
  File "F:\DownloadGBA\scripts\status_server.py", line 1435, in do_GET
    self._send(200, body, "application/json; charset=utf-8")
  File "F:\DownloadGBA\scripts\status_server.py", line 1394, in _send
    self.wfile.write(body)
  File "C:\Users\digihail\AppData\Local\Programs\Python\Python310\lib\socketserver.py", line 826, in write
    self._sock.sendall(b)
ConnectionAbortedError: [WinError 10053] 你的主机中的软件中止了一个已建立的连接。
----------------------------------------
