2025-12-08 19:54:53,390 - INFO - 添加数据成功 Asia / Afghanistan / Afghanistan
2025-12-08 19:55:08,851 - INFO - 添加数据成功 Asia / Armenia / Armenia
2025-12-08 19:55:12,000 - INFO - 添加数据成功 Asia / Bahrain / Bahrain
2025-12-08 19:58:33,151 - INFO - 添加数据成功 Asia / Bangladesh / Bangladesh
2025-12-08 19:58:43,672 - INFO - 添加数据成功 Asia / Bhutan / Bhutan
2025-12-08 19:58:43,964 - INFO - 添加数据成功 Asia / Brunei / Brunei
2025-12-08 19:59:34,003 - INFO - 添加数据成功 Asia / Cambodia / Cambodia
2025-12-08 20:01:42,320 - INFO - 添加数据成功 Asia / China_1 / anhui
2025-12-08 20:02:13,612 - INFO - 添加数据成功 Asia / China_1 / beijing
2025-12-08 20:02:39,197 - INFO - 添加数据成功 Asia / China_1 / chongqing
2025-12-08 20:03:37,950 - INFO - 添加数据成功 Asia / China_1 / fujian
2025-12-08 20:04:32,391 - INFO - 添加数据成功 Asia / China_1 / gansu
2025-12-08 20:07:32,719 - INFO - 添加数据成功 Asia / China_1 / guangdong
2025-12-08 20:09:45,675 - INFO - 添加数据成功 Asia / China_1 / guangxi
2025-12-08 20:11:40,129 - INFO - 添加数据成功 Asia / China_2 / guizhou
2025-12-08 20:11:59,819 - INFO - 添加数据成功 Asia / China_2 / hainan
2025-12-08 20:15:47,598 - INFO - 添加数据成功 Asia / China_2 / hebei
2025-12-08 20:18:11,084 - INFO - 添加数据成功 Asia / China_2 / heilongjiang
2025-12-08 20:22:54,908 - INFO - 添加数据成功 Asia / China_2 / henan
2025-12-08 20:23:58,502 - INFO - 添加数据成功 Asia / China_2 / HK_Macau
2025-12-08 20:25:51,493 - INFO - 添加数据成功 Asia / China_2 / hubei
2025-12-08 20:28:40,643 - INFO - 添加数据成功 Asia / China_3 / hunan
2025-12-08 20:33:16,765 - INFO - 添加数据成功 Asia / China_3 / jiangsu
2025-12-08 20:35:45,490 - INFO - 添加数据成功 Asia / China_3 / jiangxi
2025-12-08 20:37:24,153 - INFO - 添加数据成功 Asia / China_3 / jilin
2025-12-08 20:39:46,100 - INFO - 添加数据成功 Asia / China_3 / liaoning
2025-12-08 20:40:57,072 - INFO - 添加数据成功 Asia / China_3 / neimenggu
2025-12-08 20:41:19,785 - INFO - 添加数据成功 Asia / China_3 / ningxia
2025-12-08 20:41:33,275 - INFO - 添加数据成功 Asia / China_3 / qinghai
2025-12-08 20:42:49,966 - INFO - 添加数据成功 Asia / China_3 / shaanxi
2025-12-08 20:50:01,474 - INFO - 添加数据成功 Asia / China_4 / shandong
2025-12-08 20:51:43,234 - INFO - 添加数据成功 Asia / China_4 / shanghai
2025-12-08 20:53:25,808 - INFO - 添加数据成功 Asia / China_4 / shanxi
2025-12-08 20:55:29,067 - INFO - 添加数据成功 Asia / China_4 / sichuan
2025-12-08 20:56:15,780 - INFO - 添加数据成功 Asia / China_4 / taiwan
2025-12-08 20:56:32,985 - INFO - 添加数据成功 Asia / China_4 / tianjin
2025-12-08 20:56:49,849 - INFO - 添加数据成功 Asia / China_4 / xinjiang
2025-12-08 20:57:14,040 - INFO - 添加数据成功 Asia / China_5 / xizang
2025-12-08 20:59:23,989 - INFO - 添加数据成功 Asia / China_5 / yunnan
2025-12-08 21:01:21,516 - INFO - 添加数据成功 Asia / China_5 / zhejiang
2025-12-08 21:01:55,214 - INFO - 添加数据成功 Asia / Cyprus / Cyprus
2025-12-08 21:09:15,405 - INFO - 添加数据成功 Asia / India / India
2025-12-08 21:13:22,080 - INFO - 添加数据成功 Asia / Indonesia_east / Indonesia_east
2025-12-08 21:19:07,179 - INFO - 添加数据成功 Asia / Indonesia_mid / Indonesia_mid
2025-12-08 21:26:24,121 - INFO - 添加数据成功 Asia / Indonesia_west / Indonesia_west
2025-12-08 21:29:38,878 - INFO - 添加数据成功 Asia / Iran / Iran
2025-12-08 21:32:17,309 - INFO - 添加数据成功 Asia / Iraq / Iraq
2025-12-08 21:39:56,360 - INFO - 添加数据成功 Asia / Japan / Japan
2025-12-08 21:42:00,394 - INFO - 添加数据成功 Asia / Jordan / Jordan
2025-12-08 21:42:02,586 - INFO - 添加数据成功 Asia / Kuwait / Kuwait
2025-12-08 21:42:20,077 - INFO - 添加数据成功 Asia / Laos / Laos
2025-12-08 21:42:35,377 - INFO - 添加数据成功 Asia / Lebanon / Lebanon
2025-12-08 21:44:35,612 - INFO - 添加数据成功 Asia / Malaysia / Malaysia
2025-12-08 21:47:05,838 - INFO - 添加数据成功 Asia / MedAsia / Kazakhstan
2025-12-08 21:48:00,905 - INFO - 添加数据成功 Asia / MedAsia / Kyrgyzstan
2025-12-08 21:48:29,027 - INFO - 添加数据成功 Asia / MedAsia / Tajikistan
2025-12-08 21:48:49,736 - INFO - 添加数据成功 Asia / MedAsia / Turkmenistann
2025-12-08 21:50:36,881 - INFO - 添加数据成功 Asia / MedAsia / Uzbekistan
2025-12-08 21:51:07,693 - INFO - 添加数据成功 Asia / Mongolia / Mongolia
2025-12-08 21:53:53,480 - INFO - 添加数据成功 Asia / Myanmar / Myanmar
2025-12-08 21:55:59,850 - INFO - 添加数据成功 Asia / Nepal / Nepal
2025-12-08 21:56:28,331 - INFO - 添加数据成功 Asia / North_Korea / North_Korea
2025-12-08 22:01:41,377 - INFO - 添加数据成功 Asia / Pakistan / Pakistan
2025-12-08 22:07:27,051 - INFO - 添加数据成功 Asia / Philippines / Philippines
2025-12-08 22:09:15,408 - INFO - 添加数据成功 Asia / Republic_of_Yemen / Republic_of_Yemen
2025-12-08 22:17:25,344 - INFO - 添加数据成功 Asia / Russia / Russia
2025-12-08 22:19:29,224 - INFO - 添加数据成功 Asia / Singapore / Singapore
2025-12-08 22:20:27,157 - INFO - 添加数据成功 Asia / South_Korea / South_Korea
2025-12-08 22:21:23,341 - INFO - 添加数据成功 Asia / Sri_Lanka / Sri_Lanka
2025-12-08 22:21:37,440 - INFO - 添加数据成功 Asia / State_of_Qatar / State_of_Qatar
2025-12-08 22:21:43,446 - INFO - 添加数据成功 Asia / Sultanate_of_Oman / Sultanate_of_Oman
2025-12-08 22:22:52,324 - INFO - 添加数据成功 Asia / Syria / Syria
2025-12-08 22:29:32,919 - INFO - 添加数据成功 Asia / Thailand / Thailand
2025-12-08 22:31:09,447 - INFO - 添加数据成功 Asia / Timor_Leste / Timor_Leste
2025-12-08 22:31:22,649 - INFO - 添加数据成功 Asia / United_Arab_Emirates / United_Arab_Emirates
2025-12-08 22:37:46,073 - INFO - 添加数据成功 Asia / Vietnam / Vietnam
